Archive member included to satisfy reference by file (symbol)

/opt/st/stm32cubeide_1.3.0/plugins/com.st.stm32cube.ide.mcu.externaltools.gnu-tools-for-stm32.7-2018-q2-update.linux64_1.0.0.201904181610/tools/bin/../lib/gcc/arm-none-eabi/7.3.1/../../../../arm-none-eabi/lib/thumb/v7-m/libc_nano.a(lib_a-exit.o)
                              /opt/st/stm32cubeide_1.3.0/plugins/com.st.stm32cube.ide.mcu.externaltools.gnu-tools-for-stm32.7-2018-q2-update.linux64_1.0.0.201904181610/tools/bin/../lib/gcc/arm-none-eabi/7.3.1/../../../../arm-none-eabi/lib/thumb/v7-m/crt0.o (exit)
/opt/st/stm32cubeide_1.3.0/plugins/com.st.stm32cube.ide.mcu.externaltools.gnu-tools-for-stm32.7-2018-q2-update.linux64_1.0.0.201904181610/tools/bin/../lib/gcc/arm-none-eabi/7.3.1/../../../../arm-none-eabi/lib/thumb/v7-m/libc_nano.a(lib_a-impure.o)
                              /opt/st/stm32cubeide_1.3.0/plugins/com.st.stm32cube.ide.mcu.externaltools.gnu-tools-for-stm32.7-2018-q2-update.linux64_1.0.0.201904181610/tools/bin/../lib/gcc/arm-none-eabi/7.3.1/../../../../arm-none-eabi/lib/thumb/v7-m/libc_nano.a(lib_a-exit.o) (_global_impure_ptr)
/opt/st/stm32cubeide_1.3.0/plugins/com.st.stm32cube.ide.mcu.externaltools.gnu-tools-for-stm32.7-2018-q2-update.linux64_1.0.0.201904181610/tools/bin/../lib/gcc/arm-none-eabi/7.3.1/../../../../arm-none-eabi/lib/thumb/v7-m/libc_nano.a(lib_a-init.o)
                              /opt/st/stm32cubeide_1.3.0/plugins/com.st.stm32cube.ide.mcu.externaltools.gnu-tools-for-stm32.7-2018-q2-update.linux64_1.0.0.201904181610/tools/bin/../lib/gcc/arm-none-eabi/7.3.1/../../../../arm-none-eabi/lib/thumb/v7-m/crt0.o (__libc_init_array)
/opt/st/stm32cubeide_1.3.0/plugins/com.st.stm32cube.ide.mcu.externaltools.gnu-tools-for-stm32.7-2018-q2-update.linux64_1.0.0.201904181610/tools/bin/../lib/gcc/arm-none-eabi/7.3.1/../../../../arm-none-eabi/lib/thumb/v7-m/libc_nano.a(lib_a-memset.o)
                              /opt/st/stm32cubeide_1.3.0/plugins/com.st.stm32cube.ide.mcu.externaltools.gnu-tools-for-stm32.7-2018-q2-update.linux64_1.0.0.201904181610/tools/bin/../lib/gcc/arm-none-eabi/7.3.1/../../../../arm-none-eabi/lib/thumb/v7-m/crt0.o (memset)
/opt/st/stm32cubeide_1.3.0/plugins/com.st.stm32cube.ide.mcu.externaltools.gnu-tools-for-stm32.7-2018-q2-update.linux64_1.0.0.201904181610/tools/bin/../lib/gcc/arm-none-eabi/7.3.1/../../../../arm-none-eabi/lib/thumb/v7-m/libnosys.a(_exit.o)
                              /opt/st/stm32cubeide_1.3.0/plugins/com.st.stm32cube.ide.mcu.externaltools.gnu-tools-for-stm32.7-2018-q2-update.linux64_1.0.0.201904181610/tools/bin/../lib/gcc/arm-none-eabi/7.3.1/../../../../arm-none-eabi/lib/thumb/v7-m/libc_nano.a(lib_a-exit.o) (_exit)

Allocating common symbols
Common symbol       size              file

callback            0x4               Src/SYSTICK_program.o

Discarded input sections

 .text          0x0000000000000000        0x0 /opt/st/stm32cubeide_1.3.0/plugins/com.st.stm32cube.ide.mcu.externaltools.gnu-tools-for-stm32.7-2018-q2-update.linux64_1.0.0.201904181610/tools/bin/../lib/gcc/arm-none-eabi/7.3.1/thumb/v7-m/crti.o
 .data          0x0000000000000000        0x0 /opt/st/stm32cubeide_1.3.0/plugins/com.st.stm32cube.ide.mcu.externaltools.gnu-tools-for-stm32.7-2018-q2-update.linux64_1.0.0.201904181610/tools/bin/../lib/gcc/arm-none-eabi/7.3.1/thumb/v7-m/crti.o
 .bss           0x0000000000000000        0x0 /opt/st/stm32cubeide_1.3.0/plugins/com.st.stm32cube.ide.mcu.externaltools.gnu-tools-for-stm32.7-2018-q2-update.linux64_1.0.0.201904181610/tools/bin/../lib/gcc/arm-none-eabi/7.3.1/thumb/v7-m/crti.o
 .data          0x0000000000000000        0x4 /opt/st/stm32cubeide_1.3.0/plugins/com.st.stm32cube.ide.mcu.externaltools.gnu-tools-for-stm32.7-2018-q2-update.linux64_1.0.0.201904181610/tools/bin/../lib/gcc/arm-none-eabi/7.3.1/thumb/v7-m/crtbegin.o
 .text          0x0000000000000000       0x74 /opt/st/stm32cubeide_1.3.0/plugins/com.st.stm32cube.ide.mcu.externaltools.gnu-tools-for-stm32.7-2018-q2-update.linux64_1.0.0.201904181610/tools/bin/../lib/gcc/arm-none-eabi/7.3.1/../../../../arm-none-eabi/lib/thumb/v7-m/crt0.o
 .data          0x0000000000000000        0x0 /opt/st/stm32cubeide_1.3.0/plugins/com.st.stm32cube.ide.mcu.externaltools.gnu-tools-for-stm32.7-2018-q2-update.linux64_1.0.0.201904181610/tools/bin/../lib/gcc/arm-none-eabi/7.3.1/../../../../arm-none-eabi/lib/thumb/v7-m/crt0.o
 .bss           0x0000000000000000        0x0 /opt/st/stm32cubeide_1.3.0/plugins/com.st.stm32cube.ide.mcu.externaltools.gnu-tools-for-stm32.7-2018-q2-update.linux64_1.0.0.201904181610/tools/bin/../lib/gcc/arm-none-eabi/7.3.1/../../../../arm-none-eabi/lib/thumb/v7-m/crt0.o
 .ARM.extab     0x0000000000000000        0x0 /opt/st/stm32cubeide_1.3.0/plugins/com.st.stm32cube.ide.mcu.externaltools.gnu-tools-for-stm32.7-2018-q2-update.linux64_1.0.0.201904181610/tools/bin/../lib/gcc/arm-none-eabi/7.3.1/../../../../arm-none-eabi/lib/thumb/v7-m/crt0.o
 .ARM.exidx     0x0000000000000000        0x8 /opt/st/stm32cubeide_1.3.0/plugins/com.st.stm32cube.ide.mcu.externaltools.gnu-tools-for-stm32.7-2018-q2-update.linux64_1.0.0.201904181610/tools/bin/../lib/gcc/arm-none-eabi/7.3.1/../../../../arm-none-eabi/lib/thumb/v7-m/crt0.o
 .ARM.attributes
                0x0000000000000000       0x1b /opt/st/stm32cubeide_1.3.0/plugins/com.st.stm32cube.ide.mcu.externaltools.gnu-tools-for-stm32.7-2018-q2-update.linux64_1.0.0.201904181610/tools/bin/../lib/gcc/arm-none-eabi/7.3.1/../../../../arm-none-eabi/lib/thumb/v7-m/crt0.o
 .group         0x0000000000000000        0xc Src/GPIO_program.o
 .group         0x0000000000000000        0xc Src/GPIO_program.o
 .group         0x0000000000000000        0xc Src/GPIO_program.o
 .group         0x0000000000000000        0xc Src/GPIO_program.o
 .text          0x0000000000000000        0x0 Src/GPIO_program.o
 .data          0x0000000000000000        0x0 Src/GPIO_program.o
 .bss           0x0000000000000000        0x0 Src/GPIO_program.o
 .text.GPIO_u8GetPinValue
                0x0000000000000000       0x78 Src/GPIO_program.o
 .group         0x0000000000000000        0xc Src/LEDMRX_program.o
 .group         0x0000000000000000        0xc Src/LEDMRX_program.o
 .group         0x0000000000000000        0xc Src/LEDMRX_program.o
 .group         0x0000000000000000        0xc Src/LEDMRX_program.o
 .text          0x0000000000000000        0x0 Src/LEDMRX_program.o
 .data          0x0000000000000000        0x0 Src/LEDMRX_program.o
 .bss           0x0000000000000000        0x0 Src/LEDMRX_program.o
 .debug_macro   0x0000000000000000      0xa60 Src/LEDMRX_program.o
 .debug_macro   0x0000000000000000       0x22 Src/LEDMRX_program.o
 .debug_macro   0x0000000000000000       0xe2 Src/LEDMRX_program.o
 .group         0x0000000000000000        0xc Src/RCC_program.o
 .group         0x0000000000000000        0xc Src/RCC_program.o
 .group         0x0000000000000000        0xc Src/RCC_program.o
 .group         0x0000000000000000        0xc Src/RCC_program.o
 .group         0x0000000000000000        0xc Src/RCC_program.o
 .text          0x0000000000000000        0x0 Src/RCC_program.o
 .data          0x0000000000000000        0x0 Src/RCC_program.o
 .bss           0x0000000000000000        0x0 Src/RCC_program.o
 .text.RCC_voidDisableClock
                0x0000000000000000       0x84 Src/RCC_program.o
 .debug_macro   0x0000000000000000      0xa60 Src/RCC_program.o
 .debug_macro   0x0000000000000000       0x22 Src/RCC_program.o
 .group         0x0000000000000000        0xc Src/SYSTICK_program.o
 .group         0x0000000000000000        0xc Src/SYSTICK_program.o
 .group         0x0000000000000000        0xc Src/SYSTICK_program.o
 .group         0x0000000000000000        0xc Src/SYSTICK_program.o
 .text          0x0000000000000000        0x0 Src/SYSTICK_program.o
 .data          0x0000000000000000        0x0 Src/SYSTICK_program.o
 .bss           0x0000000000000000        0x0 Src/SYSTICK_program.o
 .text.MSTK_voidSetIntervalSingle
                0x0000000000000000       0x50 Src/SYSTICK_program.o
 .text.MSTK_voidSetIntervalPeriodic
                0x0000000000000000       0x50 Src/SYSTICK_program.o
 .text.MSTK_voidStopInterval
                0x0000000000000000       0x18 Src/SYSTICK_program.o
 .text.MSTK_u32GetRlapsedTime
                0x0000000000000000       0x28 Src/SYSTICK_program.o
 .text.MSTK_u32GetRemainingTime
                0x0000000000000000       0x18 Src/SYSTICK_program.o
 .debug_macro   0x0000000000000000      0xa60 Src/SYSTICK_program.o
 .debug_macro   0x0000000000000000       0x22 Src/SYSTICK_program.o
 .group         0x0000000000000000        0xc Src/main.o
 .group         0x0000000000000000        0xc Src/main.o
 .group         0x0000000000000000        0xc Src/main.o
 .group         0x0000000000000000        0xc Src/main.o
 .text          0x0000000000000000        0x0 Src/main.o
 .data          0x0000000000000000        0x0 Src/main.o
 .bss           0x0000000000000000        0x0 Src/main.o
 .debug_macro   0x0000000000000000      0xa60 Src/main.o
 .debug_macro   0x0000000000000000       0x22 Src/main.o
 .debug_macro   0x0000000000000000       0x1c Src/main.o
 .debug_macro   0x0000000000000000       0xe2 Src/main.o
 .text          0x0000000000000000       0x14 Startup/startup_stm32f103c8tx.o
 .data          0x0000000000000000        0x0 Startup/startup_stm32f103c8tx.o
 .bss           0x0000000000000000        0x0 Startup/startup_stm32f103c8tx.o
 .text          0x0000000000000000        0x0 /opt/st/stm32cubeide_1.3.0/plugins/com.st.stm32cube.ide.mcu.externaltools.gnu-tools-for-stm32.7-2018-q2-update.linux64_1.0.0.201904181610/tools/bin/../lib/gcc/arm-none-eabi/7.3.1/../../../../arm-none-eabi/lib/thumb/v7-m/libc_nano.a(lib_a-exit.o)
 .data          0x0000000000000000        0x0 /opt/st/stm32cubeide_1.3.0/plugins/com.st.stm32cube.ide.mcu.externaltools.gnu-tools-for-stm32.7-2018-q2-update.linux64_1.0.0.201904181610/tools/bin/../lib/gcc/arm-none-eabi/7.3.1/../../../../arm-none-eabi/lib/thumb/v7-m/libc_nano.a(lib_a-exit.o)
 .bss           0x0000000000000000        0x0 /opt/st/stm32cubeide_1.3.0/plugins/com.st.stm32cube.ide.mcu.externaltools.gnu-tools-for-stm32.7-2018-q2-update.linux64_1.0.0.201904181610/tools/bin/../lib/gcc/arm-none-eabi/7.3.1/../../../../arm-none-eabi/lib/thumb/v7-m/libc_nano.a(lib_a-exit.o)
 .text.exit     0x0000000000000000       0x28 /opt/st/stm32cubeide_1.3.0/plugins/com.st.stm32cube.ide.mcu.externaltools.gnu-tools-for-stm32.7-2018-q2-update.linux64_1.0.0.201904181610/tools/bin/../lib/gcc/arm-none-eabi/7.3.1/../../../../arm-none-eabi/lib/thumb/v7-m/libc_nano.a(lib_a-exit.o)
 .debug_frame   0x0000000000000000       0x28 /opt/st/stm32cubeide_1.3.0/plugins/com.st.stm32cube.ide.mcu.externaltools.gnu-tools-for-stm32.7-2018-q2-update.linux64_1.0.0.201904181610/tools/bin/../lib/gcc/arm-none-eabi/7.3.1/../../../../arm-none-eabi/lib/thumb/v7-m/libc_nano.a(lib_a-exit.o)
 .ARM.attributes
                0x0000000000000000       0x2d /opt/st/stm32cubeide_1.3.0/plugins/com.st.stm32cube.ide.mcu.externaltools.gnu-tools-for-stm32.7-2018-q2-update.linux64_1.0.0.201904181610/tools/bin/../lib/gcc/arm-none-eabi/7.3.1/../../../../arm-none-eabi/lib/thumb/v7-m/libc_nano.a(lib_a-exit.o)
 .text          0x0000000000000000        0x0 /opt/st/stm32cubeide_1.3.0/plugins/com.st.stm32cube.ide.mcu.externaltools.gnu-tools-for-stm32.7-2018-q2-update.linux64_1.0.0.201904181610/tools/bin/../lib/gcc/arm-none-eabi/7.3.1/../../../../arm-none-eabi/lib/thumb/v7-m/libc_nano.a(lib_a-impure.o)
 .data          0x0000000000000000        0x0 /opt/st/stm32cubeide_1.3.0/plugins/com.st.stm32cube.ide.mcu.externaltools.gnu-tools-for-stm32.7-2018-q2-update.linux64_1.0.0.201904181610/tools/bin/../lib/gcc/arm-none-eabi/7.3.1/../../../../arm-none-eabi/lib/thumb/v7-m/libc_nano.a(lib_a-impure.o)
 .bss           0x0000000000000000        0x0 /opt/st/stm32cubeide_1.3.0/plugins/com.st.stm32cube.ide.mcu.externaltools.gnu-tools-for-stm32.7-2018-q2-update.linux64_1.0.0.201904181610/tools/bin/../lib/gcc/arm-none-eabi/7.3.1/../../../../arm-none-eabi/lib/thumb/v7-m/libc_nano.a(lib_a-impure.o)
 .data._impure_ptr
                0x0000000000000000        0x4 /opt/st/stm32cubeide_1.3.0/plugins/com.st.stm32cube.ide.mcu.externaltools.gnu-tools-for-stm32.7-2018-q2-update.linux64_1.0.0.201904181610/tools/bin/../lib/gcc/arm-none-eabi/7.3.1/../../../../arm-none-eabi/lib/thumb/v7-m/libc_nano.a(lib_a-impure.o)
 .data.impure_data
                0x0000000000000000       0x60 /opt/st/stm32cubeide_1.3.0/plugins/com.st.stm32cube.ide.mcu.externaltools.gnu-tools-for-stm32.7-2018-q2-update.linux64_1.0.0.201904181610/tools/bin/../lib/gcc/arm-none-eabi/7.3.1/../../../../arm-none-eabi/lib/thumb/v7-m/libc_nano.a(lib_a-impure.o)
 .rodata._global_impure_ptr
                0x0000000000000000        0x4 /opt/st/stm32cubeide_1.3.0/plugins/com.st.stm32cube.ide.mcu.externaltools.gnu-tools-for-stm32.7-2018-q2-update.linux64_1.0.0.201904181610/tools/bin/../lib/gcc/arm-none-eabi/7.3.1/../../../../arm-none-eabi/lib/thumb/v7-m/libc_nano.a(lib_a-impure.o)
 .ARM.attributes
                0x0000000000000000       0x2d /opt/st/stm32cubeide_1.3.0/plugins/com.st.stm32cube.ide.mcu.externaltools.gnu-tools-for-stm32.7-2018-q2-update.linux64_1.0.0.201904181610/tools/bin/../lib/gcc/arm-none-eabi/7.3.1/../../../../arm-none-eabi/lib/thumb/v7-m/libc_nano.a(lib_a-impure.o)
 .text          0x0000000000000000        0x0 /opt/st/stm32cubeide_1.3.0/plugins/com.st.stm32cube.ide.mcu.externaltools.gnu-tools-for-stm32.7-2018-q2-update.linux64_1.0.0.201904181610/tools/bin/../lib/gcc/arm-none-eabi/7.3.1/../../../../arm-none-eabi/lib/thumb/v7-m/libc_nano.a(lib_a-init.o)
 .data          0x0000000000000000        0x0 /opt/st/stm32cubeide_1.3.0/plugins/com.st.stm32cube.ide.mcu.externaltools.gnu-tools-for-stm32.7-2018-q2-update.linux64_1.0.0.201904181610/tools/bin/../lib/gcc/arm-none-eabi/7.3.1/../../../../arm-none-eabi/lib/thumb/v7-m/libc_nano.a(lib_a-init.o)
 .bss           0x0000000000000000        0x0 /opt/st/stm32cubeide_1.3.0/plugins/com.st.stm32cube.ide.mcu.externaltools.gnu-tools-for-stm32.7-2018-q2-update.linux64_1.0.0.201904181610/tools/bin/../lib/gcc/arm-none-eabi/7.3.1/../../../../arm-none-eabi/lib/thumb/v7-m/libc_nano.a(lib_a-init.o)
 .text          0x0000000000000000        0x0 /opt/st/stm32cubeide_1.3.0/plugins/com.st.stm32cube.ide.mcu.externaltools.gnu-tools-for-stm32.7-2018-q2-update.linux64_1.0.0.201904181610/tools/bin/../lib/gcc/arm-none-eabi/7.3.1/../../../../arm-none-eabi/lib/thumb/v7-m/libc_nano.a(lib_a-memset.o)
 .data          0x0000000000000000        0x0 /opt/st/stm32cubeide_1.3.0/plugins/com.st.stm32cube.ide.mcu.externaltools.gnu-tools-for-stm32.7-2018-q2-update.linux64_1.0.0.201904181610/tools/bin/../lib/gcc/arm-none-eabi/7.3.1/../../../../arm-none-eabi/lib/thumb/v7-m/libc_nano.a(lib_a-memset.o)
 .bss           0x0000000000000000        0x0 /opt/st/stm32cubeide_1.3.0/plugins/com.st.stm32cube.ide.mcu.externaltools.gnu-tools-for-stm32.7-2018-q2-update.linux64_1.0.0.201904181610/tools/bin/../lib/gcc/arm-none-eabi/7.3.1/../../../../arm-none-eabi/lib/thumb/v7-m/libc_nano.a(lib_a-memset.o)
 .text.memset   0x0000000000000000       0x10 /opt/st/stm32cubeide_1.3.0/plugins/com.st.stm32cube.ide.mcu.externaltools.gnu-tools-for-stm32.7-2018-q2-update.linux64_1.0.0.201904181610/tools/bin/../lib/gcc/arm-none-eabi/7.3.1/../../../../arm-none-eabi/lib/thumb/v7-m/libc_nano.a(lib_a-memset.o)
 .debug_frame   0x0000000000000000       0x20 /opt/st/stm32cubeide_1.3.0/plugins/com.st.stm32cube.ide.mcu.externaltools.gnu-tools-for-stm32.7-2018-q2-update.linux64_1.0.0.201904181610/tools/bin/../lib/gcc/arm-none-eabi/7.3.1/../../../../arm-none-eabi/lib/thumb/v7-m/libc_nano.a(lib_a-memset.o)
 .ARM.attributes
                0x0000000000000000       0x2d /opt/st/stm32cubeide_1.3.0/plugins/com.st.stm32cube.ide.mcu.externaltools.gnu-tools-for-stm32.7-2018-q2-update.linux64_1.0.0.201904181610/tools/bin/../lib/gcc/arm-none-eabi/7.3.1/../../../../arm-none-eabi/lib/thumb/v7-m/libc_nano.a(lib_a-memset.o)
 .text          0x0000000000000000        0x0 /opt/st/stm32cubeide_1.3.0/plugins/com.st.stm32cube.ide.mcu.externaltools.gnu-tools-for-stm32.7-2018-q2-update.linux64_1.0.0.201904181610/tools/bin/../lib/gcc/arm-none-eabi/7.3.1/../../../../arm-none-eabi/lib/thumb/v7-m/libnosys.a(_exit.o)
 .data          0x0000000000000000        0x0 /opt/st/stm32cubeide_1.3.0/plugins/com.st.stm32cube.ide.mcu.externaltools.gnu-tools-for-stm32.7-2018-q2-update.linux64_1.0.0.201904181610/tools/bin/../lib/gcc/arm-none-eabi/7.3.1/../../../../arm-none-eabi/lib/thumb/v7-m/libnosys.a(_exit.o)
 .bss           0x0000000000000000        0x0 /opt/st/stm32cubeide_1.3.0/plugins/com.st.stm32cube.ide.mcu.externaltools.gnu-tools-for-stm32.7-2018-q2-update.linux64_1.0.0.201904181610/tools/bin/../lib/gcc/arm-none-eabi/7.3.1/../../../../arm-none-eabi/lib/thumb/v7-m/libnosys.a(_exit.o)
 .text._exit    0x0000000000000000        0x2 /opt/st/stm32cubeide_1.3.0/plugins/com.st.stm32cube.ide.mcu.externaltools.gnu-tools-for-stm32.7-2018-q2-update.linux64_1.0.0.201904181610/tools/bin/../lib/gcc/arm-none-eabi/7.3.1/../../../../arm-none-eabi/lib/thumb/v7-m/libnosys.a(_exit.o)
 .debug_frame   0x0000000000000000       0x20 /opt/st/stm32cubeide_1.3.0/plugins/com.st.stm32cube.ide.mcu.externaltools.gnu-tools-for-stm32.7-2018-q2-update.linux64_1.0.0.201904181610/tools/bin/../lib/gcc/arm-none-eabi/7.3.1/../../../../arm-none-eabi/lib/thumb/v7-m/libnosys.a(_exit.o)
 .ARM.attributes
                0x0000000000000000       0x2d /opt/st/stm32cubeide_1.3.0/plugins/com.st.stm32cube.ide.mcu.externaltools.gnu-tools-for-stm32.7-2018-q2-update.linux64_1.0.0.201904181610/tools/bin/../lib/gcc/arm-none-eabi/7.3.1/../../../../arm-none-eabi/lib/thumb/v7-m/libnosys.a(_exit.o)
 .text          0x0000000000000000        0x0 /opt/st/stm32cubeide_1.3.0/plugins/com.st.stm32cube.ide.mcu.externaltools.gnu-tools-for-stm32.7-2018-q2-update.linux64_1.0.0.201904181610/tools/bin/../lib/gcc/arm-none-eabi/7.3.1/thumb/v7-m/crtend.o
 .data          0x0000000000000000        0x0 /opt/st/stm32cubeide_1.3.0/plugins/com.st.stm32cube.ide.mcu.externaltools.gnu-tools-for-stm32.7-2018-q2-update.linux64_1.0.0.201904181610/tools/bin/../lib/gcc/arm-none-eabi/7.3.1/thumb/v7-m/crtend.o
 .bss           0x0000000000000000        0x0 /opt/st/stm32cubeide_1.3.0/plugins/com.st.stm32cube.ide.mcu.externaltools.gnu-tools-for-stm32.7-2018-q2-update.linux64_1.0.0.201904181610/tools/bin/../lib/gcc/arm-none-eabi/7.3.1/thumb/v7-m/crtend.o
 .eh_frame      0x0000000000000000        0x4 /opt/st/stm32cubeide_1.3.0/plugins/com.st.stm32cube.ide.mcu.externaltools.gnu-tools-for-stm32.7-2018-q2-update.linux64_1.0.0.201904181610/tools/bin/../lib/gcc/arm-none-eabi/7.3.1/thumb/v7-m/crtend.o
 .ARM.attributes
                0x0000000000000000       0x2d /opt/st/stm32cubeide_1.3.0/plugins/com.st.stm32cube.ide.mcu.externaltools.gnu-tools-for-stm32.7-2018-q2-update.linux64_1.0.0.201904181610/tools/bin/../lib/gcc/arm-none-eabi/7.3.1/thumb/v7-m/crtend.o
 .text          0x0000000000000000        0x0 /opt/st/stm32cubeide_1.3.0/plugins/com.st.stm32cube.ide.mcu.externaltools.gnu-tools-for-stm32.7-2018-q2-update.linux64_1.0.0.201904181610/tools/bin/../lib/gcc/arm-none-eabi/7.3.1/thumb/v7-m/crtn.o
 .data          0x0000000000000000        0x0 /opt/st/stm32cubeide_1.3.0/plugins/com.st.stm32cube.ide.mcu.externaltools.gnu-tools-for-stm32.7-2018-q2-update.linux64_1.0.0.201904181610/tools/bin/../lib/gcc/arm-none-eabi/7.3.1/thumb/v7-m/crtn.o
 .bss           0x0000000000000000        0x0 /opt/st/stm32cubeide_1.3.0/plugins/com.st.stm32cube.ide.mcu.externaltools.gnu-tools-for-stm32.7-2018-q2-update.linux64_1.0.0.201904181610/tools/bin/../lib/gcc/arm-none-eabi/7.3.1/thumb/v7-m/crtn.o

Memory Configuration

Name             Origin             Length             Attributes
RAM              0x0000000020000000 0x0000000000005000 xrw
ROM              0x0000000008000000 0x0000000000010000 xr
*default*        0x0000000000000000 0xffffffffffffffff

Linker script and memory map

LOAD /opt/st/stm32cubeide_1.3.0/plugins/com.st.stm32cube.ide.mcu.externaltools.gnu-tools-for-stm32.7-2018-q2-update.linux64_1.0.0.201904181610/tools/bin/../lib/gcc/arm-none-eabi/7.3.1/thumb/v7-m/crti.o
LOAD /opt/st/stm32cubeide_1.3.0/plugins/com.st.stm32cube.ide.mcu.externaltools.gnu-tools-for-stm32.7-2018-q2-update.linux64_1.0.0.201904181610/tools/bin/../lib/gcc/arm-none-eabi/7.3.1/thumb/v7-m/crtbegin.o
LOAD /opt/st/stm32cubeide_1.3.0/plugins/com.st.stm32cube.ide.mcu.externaltools.gnu-tools-for-stm32.7-2018-q2-update.linux64_1.0.0.201904181610/tools/bin/../lib/gcc/arm-none-eabi/7.3.1/../../../../arm-none-eabi/lib/thumb/v7-m/crt0.o
LOAD Src/GPIO_program.o
LOAD Src/LEDMRX_program.o
LOAD Src/RCC_program.o
LOAD Src/SYSTICK_program.o
LOAD Src/main.o
LOAD Startup/startup_stm32f103c8tx.o
START GROUP
LOAD /opt/st/stm32cubeide_1.3.0/plugins/com.st.stm32cube.ide.mcu.externaltools.gnu-tools-for-stm32.7-2018-q2-update.linux64_1.0.0.201904181610/tools/bin/../lib/gcc/arm-none-eabi/7.3.1/../../../../arm-none-eabi/lib/thumb/v7-m/libc_nano.a
LOAD /opt/st/stm32cubeide_1.3.0/plugins/com.st.stm32cube.ide.mcu.externaltools.gnu-tools-for-stm32.7-2018-q2-update.linux64_1.0.0.201904181610/tools/bin/../lib/gcc/arm-none-eabi/7.3.1/../../../../arm-none-eabi/lib/thumb/v7-m/libm.a
END GROUP
START GROUP
LOAD /opt/st/stm32cubeide_1.3.0/plugins/com.st.stm32cube.ide.mcu.externaltools.gnu-tools-for-stm32.7-2018-q2-update.linux64_1.0.0.201904181610/tools/bin/../lib/gcc/arm-none-eabi/7.3.1/thumb/v7-m/libgcc.a
LOAD /opt/st/stm32cubeide_1.3.0/plugins/com.st.stm32cube.ide.mcu.externaltools.gnu-tools-for-stm32.7-2018-q2-update.linux64_1.0.0.201904181610/tools/bin/../lib/gcc/arm-none-eabi/7.3.1/../../../../arm-none-eabi/lib/thumb/v7-m/libc_nano.a
END GROUP
START GROUP
LOAD /opt/st/stm32cubeide_1.3.0/plugins/com.st.stm32cube.ide.mcu.externaltools.gnu-tools-for-stm32.7-2018-q2-update.linux64_1.0.0.201904181610/tools/bin/../lib/gcc/arm-none-eabi/7.3.1/thumb/v7-m/libgcc.a
LOAD /opt/st/stm32cubeide_1.3.0/plugins/com.st.stm32cube.ide.mcu.externaltools.gnu-tools-for-stm32.7-2018-q2-update.linux64_1.0.0.201904181610/tools/bin/../lib/gcc/arm-none-eabi/7.3.1/../../../../arm-none-eabi/lib/thumb/v7-m/libc_nano.a
LOAD /opt/st/stm32cubeide_1.3.0/plugins/com.st.stm32cube.ide.mcu.externaltools.gnu-tools-for-stm32.7-2018-q2-update.linux64_1.0.0.201904181610/tools/bin/../lib/gcc/arm-none-eabi/7.3.1/../../../../arm-none-eabi/lib/thumb/v7-m/libnosys.a
END GROUP
START GROUP
LOAD /opt/st/stm32cubeide_1.3.0/plugins/com.st.stm32cube.ide.mcu.externaltools.gnu-tools-for-stm32.7-2018-q2-update.linux64_1.0.0.201904181610/tools/bin/../lib/gcc/arm-none-eabi/7.3.1/thumb/v7-m/libgcc.a
LOAD /opt/st/stm32cubeide_1.3.0/plugins/com.st.stm32cube.ide.mcu.externaltools.gnu-tools-for-stm32.7-2018-q2-update.linux64_1.0.0.201904181610/tools/bin/../lib/gcc/arm-none-eabi/7.3.1/../../../../arm-none-eabi/lib/thumb/v7-m/libc_nano.a
LOAD /opt/st/stm32cubeide_1.3.0/plugins/com.st.stm32cube.ide.mcu.externaltools.gnu-tools-for-stm32.7-2018-q2-update.linux64_1.0.0.201904181610/tools/bin/../lib/gcc/arm-none-eabi/7.3.1/../../../../arm-none-eabi/lib/thumb/v7-m/libnosys.a
END GROUP
LOAD /opt/st/stm32cubeide_1.3.0/plugins/com.st.stm32cube.ide.mcu.externaltools.gnu-tools-for-stm32.7-2018-q2-update.linux64_1.0.0.201904181610/tools/bin/../lib/gcc/arm-none-eabi/7.3.1/thumb/v7-m/crtend.o
LOAD /opt/st/stm32cubeide_1.3.0/plugins/com.st.stm32cube.ide.mcu.externaltools.gnu-tools-for-stm32.7-2018-q2-update.linux64_1.0.0.201904181610/tools/bin/../lib/gcc/arm-none-eabi/7.3.1/thumb/v7-m/crtn.o
                0x0000000020005000                _estack = (ORIGIN (RAM) + LENGTH (RAM))
                0x0000000000000200                _Min_Heap_Size = 0x200
                0x0000000000000400                _Min_Stack_Size = 0x400

.isr_vector     0x0000000008000000      0x130
                0x0000000008000000                . = ALIGN (0x4)
 *(.isr_vector)
 .isr_vector    0x0000000008000000      0x130 Startup/startup_stm32f103c8tx.o
                0x0000000008000000                g_pfnVectors
                0x0000000008000130                . = ALIGN (0x4)

.text           0x0000000008000130      0x834
                0x0000000008000130                . = ALIGN (0x4)
 *(.text)
 .text          0x0000000008000130       0x40 /opt/st/stm32cubeide_1.3.0/plugins/com.st.stm32cube.ide.mcu.externaltools.gnu-tools-for-stm32.7-2018-q2-update.linux64_1.0.0.201904181610/tools/bin/../lib/gcc/arm-none-eabi/7.3.1/thumb/v7-m/crtbegin.o
 *(.text*)
 .text.GPIO_voidSetPinDirection
                0x0000000008000170      0x1a8 Src/GPIO_program.o
                0x0000000008000170                GPIO_voidSetPinDirection
 .text.GPIO_voidSetPinValue
                0x0000000008000318       0xf0 Src/GPIO_program.o
                0x0000000008000318                GPIO_voidSetPinValue
 .text.HLEDMRX_voidInit
                0x0000000008000408       0xa8 Src/LEDMRX_program.o
                0x0000000008000408                HLEDMRX_voidInit
 .text.LEDMRX_voidDisplay
                0x00000000080004b0      0x132 Src/LEDMRX_program.o
                0x00000000080004b0                LEDMRX_voidDisplay
 .text.LEDMRX_voidDisableAllCol
                0x00000000080005e2       0x58 Src/LEDMRX_program.o
 .text.LEDMRX_voidSetRow
                0x000000000800063a       0xc8 Src/LEDMRX_program.o
 .text.LEDMRX_voidShift
                0x0000000008000702       0x40 Src/LEDMRX_program.o
                0x0000000008000702                LEDMRX_voidShift
 *fill*         0x0000000008000742        0x2 
 .text.RCC_voidInitSysClock
                0x0000000008000744       0x30 Src/RCC_program.o
                0x0000000008000744                RCC_voidInitSysClock
 .text.RCC_voidEnableClock
                0x0000000008000774       0x80 Src/RCC_program.o
                0x0000000008000774                RCC_voidEnableClock
 .text.MSTK_voidInit
                0x00000000080007f4       0x1c Src/SYSTICK_program.o
                0x00000000080007f4                MSTK_voidInit
 .text.MSTK_voidSetBusyWait
                0x0000000008000810       0x3c Src/SYSTICK_program.o
                0x0000000008000810                MSTK_voidSetBusyWait
 .text.SysTick_Handler
                0x000000000800084c       0x30 Src/SYSTICK_program.o
                0x000000000800084c                SysTick_Handler
 .text.main     0x000000000800087c       0x34 Src/main.o
                0x000000000800087c                main
 .text.Reset_Handler
                0x00000000080008b0       0x50 Startup/startup_stm32f103c8tx.o
                0x00000000080008b0                Reset_Handler
 .text.Default_Handler
                0x0000000008000900        0x2 Startup/startup_stm32f103c8tx.o
                0x0000000008000900                EXTI2_IRQHandler
                0x0000000008000900                TIM8_TRG_COM_IRQHandler
                0x0000000008000900                TIM8_CC_IRQHandler
                0x0000000008000900                DebugMon_Handler
                0x0000000008000900                TIM1_CC_IRQHandler
                0x0000000008000900                HardFault_Handler
                0x0000000008000900                TIM6_IRQHandler
                0x0000000008000900                PVD_IRQHandler
                0x0000000008000900                SDIO_IRQHandler
                0x0000000008000900                PendSV_Handler
                0x0000000008000900                NMI_Handler
                0x0000000008000900                EXTI3_IRQHandler
                0x0000000008000900                USB_HP_CAN_TX_IRQHandler
                0x0000000008000900                EXTI0_IRQHandler
                0x0000000008000900                I2C2_EV_IRQHandler
                0x0000000008000900                UsageFault_Handler
                0x0000000008000900                ADC1_2_IRQHandler
                0x0000000008000900                SPI1_IRQHandler
                0x0000000008000900                CAN_SCE_IRQHandler
                0x0000000008000900                TAMPER_IRQHandler
                0x0000000008000900                TIM8_UP_IRQHandler
                0x0000000008000900                DMA2_Channel2_IRQHandler
                0x0000000008000900                DMA1_Channel4_IRQHandler
                0x0000000008000900                USART3_IRQHandler
                0x0000000008000900                RTC_IRQHandler
                0x0000000008000900                DMA1_Channel7_IRQHandler
                0x0000000008000900                UART5_IRQHandler
                0x0000000008000900                ADC3_IRQHandler
                0x0000000008000900                TIM4_IRQHandler
                0x0000000008000900                CAN_RX1_IRQHandler
                0x0000000008000900                DMA2_Channel1_IRQHandler
                0x0000000008000900                I2C1_EV_IRQHandler
                0x0000000008000900                DMA1_Channel6_IRQHandler
                0x0000000008000900                UART4_IRQHandler
                0x0000000008000900                TIM3_IRQHandler
                0x0000000008000900                RCC_IRQHandler
                0x0000000008000900                TIM1_TRG_COM_IRQHandler
                0x0000000008000900                DMA1_Channel1_IRQHandler
                0x0000000008000900                Default_Handler
                0x0000000008000900                EXTI15_10_IRQHandler
                0x0000000008000900                TIM7_IRQHandler
                0x0000000008000900                TIM5_IRQHandler
                0x0000000008000900                EXTI9_5_IRQHandler
                0x0000000008000900                SPI2_IRQHandler
                0x0000000008000900                USB_LP_CAN_RX0_IRQHandler
                0x0000000008000900                MemManage_Handler
                0x0000000008000900                SVC_Handler
                0x0000000008000900                DMA1_Channel5_IRQHandler
                0x0000000008000900                EXTI4_IRQHandler
                0x0000000008000900                DMA1_Channel3_IRQHandler
                0x0000000008000900                FSMC_IRQHandler
                0x0000000008000900                TIM1_UP_IRQHandler
                0x0000000008000900                WWDG_IRQHandler
                0x0000000008000900                TIM2_IRQHandler
                0x0000000008000900                TIM1_BRK_IRQHandler
                0x0000000008000900                EXTI1_IRQHandler
                0x0000000008000900                RTCAlarm_IRQHandler
                0x0000000008000900                DMA2_Channel4_5_IRQHandler
                0x0000000008000900                USART2_IRQHandler
                0x0000000008000900                I2C2_ER_IRQHandler
                0x0000000008000900                DMA1_Channel2_IRQHandler
                0x0000000008000900                TIM8_BRK_IRQHandler
                0x0000000008000900                FLASH_IRQHandler
                0x0000000008000900                BusFault_Handler
                0x0000000008000900                USART1_IRQHandler
                0x0000000008000900                SPI3_IRQHandler
                0x0000000008000900                I2C1_ER_IRQHandler
                0x0000000008000900                DMA2_Channel3_IRQHandler
 *fill*         0x0000000008000902        0x2 
 .text.__libc_init_array
                0x0000000008000904       0x48 /opt/st/stm32cubeide_1.3.0/plugins/com.st.stm32cube.ide.mcu.externaltools.gnu-tools-for-stm32.7-2018-q2-update.linux64_1.0.0.201904181610/tools/bin/../lib/gcc/arm-none-eabi/7.3.1/../../../../arm-none-eabi/lib/thumb/v7-m/libc_nano.a(lib_a-init.o)
                0x0000000008000904                __libc_init_array
 *(.glue_7)
 .glue_7        0x000000000800094c        0x0 linker stubs
 *(.glue_7t)
 .glue_7t       0x000000000800094c        0x0 linker stubs
 *(.eh_frame)
 .eh_frame      0x000000000800094c        0x0 /opt/st/stm32cubeide_1.3.0/plugins/com.st.stm32cube.ide.mcu.externaltools.gnu-tools-for-stm32.7-2018-q2-update.linux64_1.0.0.201904181610/tools/bin/../lib/gcc/arm-none-eabi/7.3.1/thumb/v7-m/crtbegin.o
 *(.init)
 .init          0x000000000800094c        0x4 /opt/st/stm32cubeide_1.3.0/plugins/com.st.stm32cube.ide.mcu.externaltools.gnu-tools-for-stm32.7-2018-q2-update.linux64_1.0.0.201904181610/tools/bin/../lib/gcc/arm-none-eabi/7.3.1/thumb/v7-m/crti.o
                0x000000000800094c                _init
 .init          0x0000000008000950        0x8 /opt/st/stm32cubeide_1.3.0/plugins/com.st.stm32cube.ide.mcu.externaltools.gnu-tools-for-stm32.7-2018-q2-update.linux64_1.0.0.201904181610/tools/bin/../lib/gcc/arm-none-eabi/7.3.1/thumb/v7-m/crtn.o
 *(.fini)
 .fini          0x0000000008000958        0x4 /opt/st/stm32cubeide_1.3.0/plugins/com.st.stm32cube.ide.mcu.externaltools.gnu-tools-for-stm32.7-2018-q2-update.linux64_1.0.0.201904181610/tools/bin/../lib/gcc/arm-none-eabi/7.3.1/thumb/v7-m/crti.o
                0x0000000008000958                _fini
 .fini          0x000000000800095c        0x8 /opt/st/stm32cubeide_1.3.0/plugins/com.st.stm32cube.ide.mcu.externaltools.gnu-tools-for-stm32.7-2018-q2-update.linux64_1.0.0.201904181610/tools/bin/../lib/gcc/arm-none-eabi/7.3.1/thumb/v7-m/crtn.o
                0x0000000008000964                . = ALIGN (0x4)
                0x0000000008000964                _etext = .

.vfp11_veneer   0x0000000008000964        0x0
 .vfp11_veneer  0x0000000008000964        0x0 linker stubs

.v4_bx          0x0000000008000964        0x0
 .v4_bx         0x0000000008000964        0x0 linker stubs

.iplt           0x0000000008000964        0x0
 .iplt          0x0000000008000964        0x0 /opt/st/stm32cubeide_1.3.0/plugins/com.st.stm32cube.ide.mcu.externaltools.gnu-tools-for-stm32.7-2018-q2-update.linux64_1.0.0.201904181610/tools/bin/../lib/gcc/arm-none-eabi/7.3.1/thumb/v7-m/crtbegin.o

.rel.dyn        0x0000000008000964        0x0
 .rel.iplt      0x0000000008000964        0x0 /opt/st/stm32cubeide_1.3.0/plugins/com.st.stm32cube.ide.mcu.externaltools.gnu-tools-for-stm32.7-2018-q2-update.linux64_1.0.0.201904181610/tools/bin/../lib/gcc/arm-none-eabi/7.3.1/thumb/v7-m/crtbegin.o

.rodata         0x0000000008000964        0x0
                0x0000000008000964                . = ALIGN (0x4)
 *(.rodata)
 *(.rodata*)
                0x0000000008000964                . = ALIGN (0x4)

.ARM.extab      0x0000000008000964        0x0
                0x0000000008000964                . = ALIGN (0x4)
 *(.ARM.extab* .gnu.linkonce.armextab.*)
                0x0000000008000964                . = ALIGN (0x4)

.ARM            0x0000000008000964        0x0
                0x0000000008000964                . = ALIGN (0x4)
                0x0000000008000964                __exidx_start = .
 *(.ARM.exidx*)
                0x0000000008000964                __exidx_end = .
                0x0000000008000964                . = ALIGN (0x4)

.preinit_array  0x0000000008000964        0x0
                0x0000000008000964                . = ALIGN (0x4)
                0x0000000008000964                PROVIDE (__preinit_array_start = .)
 *(.preinit_array*)
                0x0000000008000964                PROVIDE (__preinit_array_end = .)
                0x0000000008000964                . = ALIGN (0x4)

.init_array     0x0000000008000964        0x4
                0x0000000008000964                . = ALIGN (0x4)
                0x0000000008000964                PROVIDE (__init_array_start = .)
 *(SORT_BY_NAME(.init_array.*))
 *(.init_array*)
 .init_array    0x0000000008000964        0x4 /opt/st/stm32cubeide_1.3.0/plugins/com.st.stm32cube.ide.mcu.externaltools.gnu-tools-for-stm32.7-2018-q2-update.linux64_1.0.0.201904181610/tools/bin/../lib/gcc/arm-none-eabi/7.3.1/thumb/v7-m/crtbegin.o
                0x0000000008000968                PROVIDE (__init_array_end = .)
                0x0000000008000968                . = ALIGN (0x4)

.fini_array     0x0000000008000968        0x4
                0x0000000008000968                . = ALIGN (0x4)
                [!provide]                        PROVIDE (__fini_array_start = .)
 *(SORT_BY_NAME(.fini_array.*))
 *(.fini_array*)
 .fini_array    0x0000000008000968        0x4 /opt/st/stm32cubeide_1.3.0/plugins/com.st.stm32cube.ide.mcu.externaltools.gnu-tools-for-stm32.7-2018-q2-update.linux64_1.0.0.201904181610/tools/bin/../lib/gcc/arm-none-eabi/7.3.1/thumb/v7-m/crtbegin.o
                [!provide]                        PROVIDE (__fini_array_end = .)
                0x000000000800096c                . = ALIGN (0x4)
                0x000000000800096c                _sidata = LOADADDR (.data)

.data           0x0000000020000000       0x34 load address 0x000000000800096c
                0x0000000020000000                . = ALIGN (0x4)
                0x0000000020000000                _sdata = .
 *(.data)
 *(.data*)
 .data.stopIntervalFlag
                0x0000000020000000        0x1 Src/SYSTICK_program.o
                0x0000000020000000                stopIntervalFlag
 *fill*         0x0000000020000001        0x3 
 .data.DataArray
                0x0000000020000004       0x2e Src/main.o
                0x0000000020000004                DataArray
                0x0000000020000034                . = ALIGN (0x4)
 *fill*         0x0000000020000032        0x2 
                0x0000000020000034                _edata = .

.igot.plt       0x0000000020000034        0x0 load address 0x00000000080009a0
 .igot.plt      0x0000000020000034        0x0 /opt/st/stm32cubeide_1.3.0/plugins/com.st.stm32cube.ide.mcu.externaltools.gnu-tools-for-stm32.7-2018-q2-update.linux64_1.0.0.201904181610/tools/bin/../lib/gcc/arm-none-eabi/7.3.1/thumb/v7-m/crtbegin.o
                0x0000000020000034                . = ALIGN (0x4)

.bss            0x0000000020000034       0x20 load address 0x00000000080009a0
                0x0000000020000034                _sbss = .
                0x0000000020000034                __bss_start__ = _sbss
 *(.bss)
 .bss           0x0000000020000034       0x1c /opt/st/stm32cubeide_1.3.0/plugins/com.st.stm32cube.ide.mcu.externaltools.gnu-tools-for-stm32.7-2018-q2-update.linux64_1.0.0.201904181610/tools/bin/../lib/gcc/arm-none-eabi/7.3.1/thumb/v7-m/crtbegin.o
 *(.bss*)
 *(COMMON)
 COMMON         0x0000000020000050        0x4 Src/SYSTICK_program.o
                0x0000000020000050                callback
                0x0000000020000054                . = ALIGN (0x4)
                0x0000000020000054                _ebss = .
                0x0000000020000054                __bss_end__ = _ebss

._user_heap_stack
                0x0000000020000054      0x604 load address 0x00000000080009a0
                0x0000000020000058                . = ALIGN (0x8)
 *fill*         0x0000000020000054        0x4 
                [!provide]                        PROVIDE (end = .)
                [!provide]                        PROVIDE (_end = .)
                0x0000000020000258                . = (. + _Min_Heap_Size)
 *fill*         0x0000000020000058      0x200 
                0x0000000020000658                . = (. + _Min_Stack_Size)
 *fill*         0x0000000020000258      0x400 
                0x0000000020000658                . = ALIGN (0x8)

/DISCARD/
 libc.a(*)
 libm.a(*)
 libgcc.a(*)

.ARM.attributes
                0x0000000000000000       0x29
 *(.ARM.attributes)
 .ARM.attributes
                0x0000000000000000       0x1d /opt/st/stm32cubeide_1.3.0/plugins/com.st.stm32cube.ide.mcu.externaltools.gnu-tools-for-stm32.7-2018-q2-update.linux64_1.0.0.201904181610/tools/bin/../lib/gcc/arm-none-eabi/7.3.1/thumb/v7-m/crti.o
 .ARM.attributes
                0x000000000000001d       0x2d /opt/st/stm32cubeide_1.3.0/plugins/com.st.stm32cube.ide.mcu.externaltools.gnu-tools-for-stm32.7-2018-q2-update.linux64_1.0.0.201904181610/tools/bin/../lib/gcc/arm-none-eabi/7.3.1/thumb/v7-m/crtbegin.o
 .ARM.attributes
                0x000000000000004a       0x33 Src/GPIO_program.o
 .ARM.attributes
                0x000000000000007d       0x33 Src/LEDMRX_program.o
 .ARM.attributes
                0x00000000000000b0       0x33 Src/RCC_program.o
 .ARM.attributes
                0x00000000000000e3       0x33 Src/SYSTICK_program.o
 .ARM.attributes
                0x0000000000000116       0x33 Src/main.o
 .ARM.attributes
                0x0000000000000149       0x21 Startup/startup_stm32f103c8tx.o
 .ARM.attributes
                0x000000000000016a       0x2d /opt/st/stm32cubeide_1.3.0/plugins/com.st.stm32cube.ide.mcu.externaltools.gnu-tools-for-stm32.7-2018-q2-update.linux64_1.0.0.201904181610/tools/bin/../lib/gcc/arm-none-eabi/7.3.1/../../../../arm-none-eabi/lib/thumb/v7-m/libc_nano.a(lib_a-init.o)
 .ARM.attributes
                0x0000000000000197       0x1d /opt/st/stm32cubeide_1.3.0/plugins/com.st.stm32cube.ide.mcu.externaltools.gnu-tools-for-stm32.7-2018-q2-update.linux64_1.0.0.201904181610/tools/bin/../lib/gcc/arm-none-eabi/7.3.1/thumb/v7-m/crtn.o
OUTPUT(ledMatix.elf elf32-littlearm)

.debug_info     0x0000000000000000      0x530
 .debug_info    0x0000000000000000      0x11b Src/GPIO_program.o
 .debug_info    0x000000000000011b      0x126 Src/LEDMRX_program.o
 .debug_info    0x0000000000000241       0xd0 Src/RCC_program.o
 .debug_info    0x0000000000000311      0x169 Src/SYSTICK_program.o
 .debug_info    0x000000000000047a       0x94 Src/main.o
 .debug_info    0x000000000000050e       0x22 Startup/startup_stm32f103c8tx.o

.debug_abbrev   0x0000000000000000      0x348
 .debug_abbrev  0x0000000000000000       0x9b Src/GPIO_program.o
 .debug_abbrev  0x000000000000009b       0xf1 Src/LEDMRX_program.o
 .debug_abbrev  0x000000000000018c       0x70 Src/RCC_program.o
 .debug_abbrev  0x00000000000001fc       0xc3 Src/SYSTICK_program.o
 .debug_abbrev  0x00000000000002bf       0x77 Src/main.o
 .debug_abbrev  0x0000000000000336       0x12 Startup/startup_stm32f103c8tx.o

.debug_aranges  0x0000000000000000      0x140
 .debug_aranges
                0x0000000000000000       0x30 Src/GPIO_program.o
 .debug_aranges
                0x0000000000000030       0x40 Src/LEDMRX_program.o
 .debug_aranges
                0x0000000000000070       0x30 Src/RCC_program.o
 .debug_aranges
                0x00000000000000a0       0x58 Src/SYSTICK_program.o
 .debug_aranges
                0x00000000000000f8       0x20 Src/main.o
 .debug_aranges
                0x0000000000000118       0x28 Startup/startup_stm32f103c8tx.o

.debug_ranges   0x0000000000000000       0xe8
 .debug_ranges  0x0000000000000000       0x20 Src/GPIO_program.o
 .debug_ranges  0x0000000000000020       0x30 Src/LEDMRX_program.o
 .debug_ranges  0x0000000000000050       0x20 Src/RCC_program.o
 .debug_ranges  0x0000000000000070       0x48 Src/SYSTICK_program.o
 .debug_ranges  0x00000000000000b8       0x10 Src/main.o
 .debug_ranges  0x00000000000000c8       0x20 Startup/startup_stm32f103c8tx.o

.debug_macro    0x0000000000000000      0xea3
 .debug_macro   0x0000000000000000       0x36 Src/GPIO_program.o
 .debug_macro   0x0000000000000036      0xa60 Src/GPIO_program.o
 .debug_macro   0x0000000000000a96       0x22 Src/GPIO_program.o
 .debug_macro   0x0000000000000ab8       0xe2 Src/GPIO_program.o
 .debug_macro   0x0000000000000b9a       0x9a Src/GPIO_program.o
 .debug_macro   0x0000000000000c34       0x4a Src/LEDMRX_program.o
 .debug_macro   0x0000000000000c7e       0x6a Src/LEDMRX_program.o
 .debug_macro   0x0000000000000ce8       0x3f Src/RCC_program.o
 .debug_macro   0x0000000000000d27       0x1c Src/RCC_program.o
 .debug_macro   0x0000000000000d43       0x70 Src/RCC_program.o
 .debug_macro   0x0000000000000db3       0x22 Src/RCC_program.o
 .debug_macro   0x0000000000000dd5       0x40 Src/SYSTICK_program.o
 .debug_macro   0x0000000000000e15       0x34 Src/SYSTICK_program.o
 .debug_macro   0x0000000000000e49       0x10 Src/SYSTICK_program.o
 .debug_macro   0x0000000000000e59       0x4a Src/main.o

.debug_line     0x0000000000000000      0x5c7
 .debug_line    0x0000000000000000      0x106 Src/GPIO_program.o
 .debug_line    0x0000000000000106      0x161 Src/LEDMRX_program.o
 .debug_line    0x0000000000000267       0xdd Src/RCC_program.o
 .debug_line    0x0000000000000344      0x136 Src/SYSTICK_program.o
 .debug_line    0x000000000000047a       0xc9 Src/main.o
 .debug_line    0x0000000000000543       0x84 Startup/startup_stm32f103c8tx.o

.debug_str      0x0000000000000000     0x3d89
 .debug_str     0x0000000000000000     0x3569 Src/GPIO_program.o
                                       0x35a8 (size before relaxing)
 .debug_str     0x0000000000003569      0x249 Src/LEDMRX_program.o
                                       0x324d (size before relaxing)
 .debug_str     0x00000000000037b2      0x331 Src/RCC_program.o
                                       0x30d0 (size before relaxing)
 .debug_str     0x0000000000003ae3      0x244 Src/SYSTICK_program.o
                                       0x2ff8 (size before relaxing)
 .debug_str     0x0000000000003d27       0x31 Src/main.o
                                       0x3089 (size before relaxing)
 .debug_str     0x0000000000003d58       0x31 Startup/startup_stm32f103c8tx.o
                                         0x67 (size before relaxing)

.comment        0x0000000000000000       0x7b
 .comment       0x0000000000000000       0x7b Src/GPIO_program.o
                                         0x7c (size before relaxing)
 .comment       0x000000000000007b       0x7c Src/LEDMRX_program.o
 .comment       0x000000000000007b       0x7c Src/RCC_program.o
 .comment       0x000000000000007b       0x7c Src/SYSTICK_program.o
 .comment       0x000000000000007b       0x7c Src/main.o

.debug_frame    0x0000000000000000      0x33c
 .debug_frame   0x0000000000000000       0x88 Src/GPIO_program.o
 .debug_frame   0x0000000000000088       0xb8 Src/LEDMRX_program.o
 .debug_frame   0x0000000000000140       0x80 Src/RCC_program.o
 .debug_frame   0x00000000000001c0      0x124 Src/SYSTICK_program.o
 .debug_frame   0x00000000000002e4       0x2c Src/main.o
 .debug_frame   0x0000000000000310       0x2c /opt/st/stm32cubeide_1.3.0/plugins/com.st.stm32cube.ide.mcu.externaltools.gnu-tools-for-stm32.7-2018-q2-update.linux64_1.0.0.201904181610/tools/bin/../lib/gcc/arm-none-eabi/7.3.1/../../../../arm-none-eabi/lib/thumb/v7-m/libc_nano.a(lib_a-init.o)
